###############################################################################
#                                                                             #
# IAR ELF Linker V6.40.4.54170/W32 for ARM              19/Feb/2015  00:15:53 #
# Copyright 2007-2012 IAR Systems AB.                                         #
#                                                                             #
#    Output file  =  D:\Education\logiciel\stm32\aplication\STM32F4-Discovery #
#                    _FW_V1.1.0\Project\Peripheral_Examples\AAAA TP1 ULTRA    #
#                    SON\EWARM\IO_Toggle\Exe\IO_Toggle.out                    #
#    Map file     =  D:\Education\logiciel\stm32\aplication\STM32F4-Discovery #
#                    _FW_V1.1.0\Project\Peripheral_Examples\AAAA TP1 ULTRA    #
#                    SON\EWARM\IO_Toggle\List\IO_Toggle.map                   #
#    Command line =  "D:\Education\logiciel\stm32\aplication\STM32F4-Discover #
#                    y_FW_V1.1.0\Project\Peripheral_Examples\AAAA TP1 ULTRA   #
#                    SON\EWARM\IO_Toggle\Obj\delay.o"                         #
#                    "D:\Education\logiciel\stm32\aplication\STM32F4-Discover #
#                    y_FW_V1.1.0\Project\Peripheral_Examples\AAAA TP1 ULTRA   #
#                    SON\EWARM\IO_Toggle\Obj\main.o"                          #
#                    "D:\Education\logiciel\stm32\aplication\STM32F4-Discover #
#                    y_FW_V1.1.0\Project\Peripheral_Examples\AAAA TP1 ULTRA   #
#                    SON\EWARM\IO_Toggle\Obj\misc.o"                          #
#                    "D:\Education\logiciel\stm32\aplication\STM32F4-Discover #
#                    y_FW_V1.1.0\Project\Peripheral_Examples\AAAA TP1 ULTRA   #
#                    SON\EWARM\IO_Toggle\Obj\startup_stm32f4xx.o"             #
#                    "D:\Education\logiciel\stm32\aplication\STM32F4-Discover #
#                    y_FW_V1.1.0\Project\Peripheral_Examples\AAAA TP1 ULTRA   #
#                    SON\EWARM\IO_Toggle\Obj\stm32f4_discovery.o"             #
#                    "D:\Education\logiciel\stm32\aplication\STM32F4-Discover #
#                    y_FW_V1.1.0\Project\Peripheral_Examples\AAAA TP1 ULTRA   #
#                    SON\EWARM\IO_Toggle\Obj\stm32f4xx_gpio.o"                #
#                    "D:\Education\logiciel\stm32\aplication\STM32F4-Discover #
#                    y_FW_V1.1.0\Project\Peripheral_Examples\AAAA TP1 ULTRA   #
#                    SON\EWARM\IO_Toggle\Obj\stm32f4xx_it.o"                  #
#                    "D:\Education\logiciel\stm32\aplication\STM32F4-Discover #
#                    y_FW_V1.1.0\Project\Peripheral_Examples\AAAA TP1 ULTRA   #
#                    SON\EWARM\IO_Toggle\Obj\stm32f4xx_rcc.o"                 #
#                    "D:\Education\logiciel\stm32\aplication\STM32F4-Discover #
#                    y_FW_V1.1.0\Project\Peripheral_Examples\AAAA TP1 ULTRA   #
#                    SON\EWARM\IO_Toggle\Obj\stm32f4xx_tim.o"                 #
#                    "D:\Education\logiciel\stm32\aplication\STM32F4-Discover #
#                    y_FW_V1.1.0\Project\Peripheral_Examples\AAAA TP1 ULTRA   #
#                    SON\EWARM\IO_Toggle\Obj\system_stm32f4xx.o" --redirect   #
#                    _Printf=_PrintfSmall --redirect _Scanf=_ScanfSmall -o    #
#                    "D:\Education\logiciel\stm32\aplication\STM32F4-Discover #
#                    y_FW_V1.1.0\Project\Peripheral_Examples\AAAA TP1 ULTRA   #
#                    SON\EWARM\IO_Toggle\Exe\IO_Toggle.out" --map             #
#                    "D:\Education\logiciel\stm32\aplication\STM32F4-Discover #
#                    y_FW_V1.1.0\Project\Peripheral_Examples\AAAA TP1 ULTRA   #
#                    SON\EWARM\IO_Toggle\List\IO_Toggle.map" --config         #
#                    "D:\Education\logiciel\stm32\aplication\STM32F4-Discover #
#                    y_FW_V1.1.0\Project\Peripheral_Examples\AAAA TP1 ULTRA   #
#                    SON\EWARM\stm32f4xx_flash.icf" --semihosting --entry     #
#                    __iar_program_start --vfe                                #
#                                                                             #
#                                                                             #
###############################################################################

*******************************************************************************
*** RUNTIME MODEL ATTRIBUTES
***

CppFlavor       = *
__SystemLibrary = DLib


*******************************************************************************
*** PLACEMENT SUMMARY
***

"A1":  place at 0x08000000 { ro section .intvec };
"P1":  place in [from 0x08000000 to 0x080fffff] { ro };
"P2":  place in [from 0x20000000 to 0x20020000] { rw, block CSTACK, block HEAP };

  Section            Kind        Address   Size  Object
  -------            ----        -------   ----  ------
"A1":                                     0x188
  .intvec            ro code  0x08000000  0x188  startup_stm32f4xx.o [1]
                            - 0x08000188  0x188

"P1":                                     0x530
  .text              ro code  0x08000188   0xe0  system_stm32f4xx.o [1]
  .text              ro code  0x08000268   0xa8  main.o [1]
  .text              ro code  0x08000310   0x7c  delay.o [1]
  .text              ro code  0x0800038c   0x18  stm32f4xx_rcc.o [1]
  .text              ro code  0x080003a4   0x86  stm32f4xx_gpio.o [1]
  .text              ro code  0x0800042a   0x2e  copy_init3.o [4]
  .text              ro code  0x08000458   0x28  data_init3.o [4]
  .text              ro code  0x08000480   0x22  zero_init3.o [4]
  .iar.init_table    const    0x080004a4   0x24  - Linker created -
  .text              ro code  0x080004c8   0x16  cmain.o [4]
  .text              ro code  0x080004de    0x4  low_level_init.o [3]
  .text              ro code  0x080004e2    0x4  exit.o [3]
  .text              ro code  0x080004e8    0xa  cexit.o [4]
  .text              ro code  0x080004f4   0x14  exit.o [5]
  .text              ro code  0x08000508   0x14  stm32f4xx_it.o [1]
  .text              ro code  0x0800051c   0x10  startup_stm32f4xx.o [1]
  .text              ro code  0x0800052c    0xc  cstartup_M.o [4]
  .text              ro code  0x08000538    0x4  startup_stm32f4xx.o [1]
  .text              ro code  0x0800053c    0x4  startup_stm32f4xx.o [1]
  .text              ro code  0x08000540    0x4  startup_stm32f4xx.o [1]
  .text              ro code  0x08000544    0x4  startup_stm32f4xx.o [1]
  .text              ro code  0x08000548    0x4  startup_stm32f4xx.o [1]
  .text              ro code  0x0800054c    0x4  startup_stm32f4xx.o [1]
  .text              ro code  0x08000550    0x4  startup_stm32f4xx.o [1]
  .text              ro code  0x08000554    0x4  startup_stm32f4xx.o [1]
  .text              ro code  0x08000558    0x4  startup_stm32f4xx.o [1]
  .text              ro code  0x0800055c    0x4  startup_stm32f4xx.o [1]
  .text              ro code  0x08000560    0x4  startup_stm32f4xx.o [1]
  .text              ro code  0x08000564    0x4  startup_stm32f4xx.o [1]
  .text              ro code  0x08000568    0x4  startup_stm32f4xx.o [1]
  .text              ro code  0x0800056c    0x4  startup_stm32f4xx.o [1]
  .text              ro code  0x08000570    0x4  startup_stm32f4xx.o [1]
  .text              ro code  0x08000574    0x4  startup_stm32f4xx.o [1]
  .text              ro code  0x08000578    0x4  startup_stm32f4xx.o [1]
  .text              ro code  0x0800057c    0x4  startup_stm32f4xx.o [1]
  .text              ro code  0x08000580    0x4  startup_stm32f4xx.o [1]
  .text              ro code  0x08000584    0x4  startup_stm32f4xx.o [1]
  .text              ro code  0x08000588    0x4  startup_stm32f4xx.o [1]
  .text              ro code  0x0800058c    0x4  startup_stm32f4xx.o [1]
  .text              ro code  0x08000590    0x4  startup_stm32f4xx.o [1]
  .text              ro code  0x08000594    0x4  startup_stm32f4xx.o [1]
  .text              ro code  0x08000598    0x4  startup_stm32f4xx.o [1]
  .text              ro code  0x0800059c    0x4  startup_stm32f4xx.o [1]
  .text              ro code  0x080005a0    0x4  startup_stm32f4xx.o [1]
  .text              ro code  0x080005a4    0x4  startup_stm32f4xx.o [1]
  .text              ro code  0x080005a8    0x4  startup_stm32f4xx.o [1]
  .text              ro code  0x080005ac    0x4  startup_stm32f4xx.o [1]
  .text              ro code  0x080005b0    0x4  startup_stm32f4xx.o [1]
  .text              ro code  0x080005b4    0x4  startup_stm32f4xx.o [1]
  .text              ro code  0x080005b8    0x4  startup_stm32f4xx.o [1]
  .text              ro code  0x080005bc    0x4  startup_stm32f4xx.o [1]
  .text              ro code  0x080005c0    0x4  startup_stm32f4xx.o [1]
  .text              ro code  0x080005c4    0x4  startup_stm32f4xx.o [1]
  .text              ro code  0x080005c8    0x4  startup_stm32f4xx.o [1]
  .text              ro code  0x080005cc    0x4  startup_stm32f4xx.o [1]
  .text              ro code  0x080005d0    0x4  startup_stm32f4xx.o [1]
  .text              ro code  0x080005d4    0x4  startup_stm32f4xx.o [1]
  .text              ro code  0x080005d8    0x4  startup_stm32f4xx.o [1]
  .text              ro code  0x080005dc    0x4  startup_stm32f4xx.o [1]
  .text              ro code  0x080005e0    0x4  startup_stm32f4xx.o [1]
  .text              ro code  0x080005e4    0x4  startup_stm32f4xx.o [1]
  .text              ro code  0x080005e8    0x4  startup_stm32f4xx.o [1]
  .text              ro code  0x080005ec    0x4  startup_stm32f4xx.o [1]
  .text              ro code  0x080005f0    0x4  startup_stm32f4xx.o [1]
  .text              ro code  0x080005f4    0x4  startup_stm32f4xx.o [1]
  .text              ro code  0x080005f8    0x4  startup_stm32f4xx.o [1]
  .text              ro code  0x080005fc    0x4  startup_stm32f4xx.o [1]
  .text              ro code  0x08000600    0x4  startup_stm32f4xx.o [1]
  .text              ro code  0x08000604    0x4  startup_stm32f4xx.o [1]
  .text              ro code  0x08000608    0x4  startup_stm32f4xx.o [1]
  .text              ro code  0x0800060c    0x4  startup_stm32f4xx.o [1]
  .text              ro code  0x08000610    0x4  startup_stm32f4xx.o [1]
  .text              ro code  0x08000614    0x4  startup_stm32f4xx.o [1]
  .text              ro code  0x08000618    0x4  startup_stm32f4xx.o [1]
  .text              ro code  0x0800061c    0x4  startup_stm32f4xx.o [1]
  .text              ro code  0x08000620    0x4  startup_stm32f4xx.o [1]
  .text              ro code  0x08000624    0x4  startup_stm32f4xx.o [1]
  .text              ro code  0x08000628    0x4  startup_stm32f4xx.o [1]
  .text              ro code  0x0800062c    0x4  startup_stm32f4xx.o [1]
  .text              ro code  0x08000630    0x4  startup_stm32f4xx.o [1]
  .text              ro code  0x08000634    0x4  startup_stm32f4xx.o [1]
  .text              ro code  0x08000638    0x4  startup_stm32f4xx.o [1]
  .text              ro code  0x0800063c    0x4  startup_stm32f4xx.o [1]
  .text              ro code  0x08000640    0x4  startup_stm32f4xx.o [1]
  .text              ro code  0x08000644    0x4  startup_stm32f4xx.o [1]
  .text              ro code  0x08000648    0x4  startup_stm32f4xx.o [1]
  .text              ro code  0x0800064c    0x4  startup_stm32f4xx.o [1]
  .text              ro code  0x08000650    0x4  startup_stm32f4xx.o [1]
  .text              ro code  0x08000654    0x4  startup_stm32f4xx.o [1]
  .text              ro code  0x08000658    0x4  startup_stm32f4xx.o [1]
  .text              ro code  0x0800065c    0x4  startup_stm32f4xx.o [1]
  .text              ro code  0x08000660    0x4  startup_stm32f4xx.o [1]
  .text              ro code  0x08000664    0x4  startup_stm32f4xx.o [1]
  .text              ro code  0x08000668    0x4  startup_stm32f4xx.o [1]
  .text              ro code  0x0800066c    0x4  startup_stm32f4xx.o [1]
  .text              ro code  0x08000670    0x4  startup_stm32f4xx.o [1]
  .text              ro code  0x08000674    0x4  startup_stm32f4xx.o [1]
  .text              ro code  0x08000678    0x4  startup_stm32f4xx.o [1]
  .text              ro code  0x0800067c    0x4  startup_stm32f4xx.o [1]
  .text              ro code  0x08000680    0x4  startup_stm32f4xx.o [1]
  .text              ro code  0x08000684    0x4  startup_stm32f4xx.o [1]
  .text              ro code  0x08000688    0x4  startup_stm32f4xx.o [1]
  .text              ro code  0x0800068c    0x4  startup_stm32f4xx.o [1]
  .text              ro code  0x08000690    0x4  startup_stm32f4xx.o [1]
  .text              ro code  0x08000694    0x4  startup_stm32f4xx.o [1]
  .text              ro code  0x08000698    0x4  startup_stm32f4xx.o [1]
  .text              ro code  0x0800069c    0x4  startup_stm32f4xx.o [1]
  .text              ro code  0x080006a0    0x4  startup_stm32f4xx.o [1]
  .rodata            const    0x080006a4    0x0  zero_init3.o [4]
  .rodata            const    0x080006a4    0x0  copy_init3.o [4]
  Initializer bytes  ro data  0x080006a4   0x14  <for P2 s0>
                            - 0x080006b8  0x530

"P2", part 1 of 3:                         0x14
  P2 s0                       0x20000000   0x14  <Init block>
    .data            inited   0x20000000   0x14  system_stm32f4xx.o [1]
                            - 0x20000014   0x14

"P2", part 2 of 3:                          0xc
  .bss               zero     0x20000014    0x4  delay.o [1]
  .bss               zero     0x20000018    0x4  main.o [1]
                            - 0x2000001c    0x8

"P2", part 3 of 3:                        0x400
  CSTACK                      0x20000020  0x400  <Block>
    CSTACK           uninit   0x20000020  0x400  <Block tail>
                            - 0x20000420  0x400


*******************************************************************************
*** INIT TABLE
***

          Address     Size
          -------     ----
Zero (__iar_zero_init3)
    1 destination range, total size 0x8:
          0x20000014   0x8

Copy (__iar_copy_init3)
    1 source range, total size 0x14:
          0x080006a4  0x14
    1 destination range, total size 0x14:
          0x20000000  0x14



*******************************************************************************
*** MODULE SUMMARY
***

    Module               ro code  ro data  rw data
    ------               -------  -------  -------
D:\Education\logiciel\stm32\aplication\STM32F4-Discovery_FW_V1.1.0\Project\Peripheral_Examples\AAAA TP1 ULTRA SON\EWARM\IO_Toggle\Obj: [1]
    delay.o                  124                 4
    main.o                   168                 4
    startup_stm32f4xx.o      772
    stm32f4xx_gpio.o         134
    stm32f4xx_it.o            20
    stm32f4xx_rcc.o           24
    system_stm32f4xx.o       224       20       20
    ----------------------------------------------
    Total:                 1 466       20       28

command line: [2]
    ----------------------------------------------
    Total:

dl7M_tln.a: [3]
    exit.o                     4
    low_level_init.o           4
    ----------------------------------------------
    Total:                     8

rt7M_tl.a: [4]
    cexit.o                   10
    cmain.o                   22
    copy_init3.o              46
    cstartup_M.o              12
    data_init3.o              40
    zero_init3.o              34
    ----------------------------------------------
    Total:                   164

shb_l.a: [5]
    exit.o                    20
    ----------------------------------------------
    Total:                    20

    Gaps                       4        2
    Linker created                     36    1 024
--------------------------------------------------
    Grand Total:           1 662       58    1 052


*******************************************************************************
*** ENTRY LIST
***

Entry                      Address  Size  Type      Object
-----                      -------  ----  ----      ------
?main                   0x080004c9        Code  Gb  cmain.o [4]
ADC_IRQHandler          0x080005a5        Code  Wk  startup_stm32f4xx.o [1]
AHBPrescTable           0x20000000  0x10  Data  Gb  system_stm32f4xx.o [1]
BusFault_Handler        0x0800050f   0x2  Code  Gb  stm32f4xx_it.o [1]
CAN1_RX0_IRQHandler     0x080005ad        Code  Wk  startup_stm32f4xx.o [1]
CAN1_RX1_IRQHandler     0x080005b1        Code  Wk  startup_stm32f4xx.o [1]
CAN1_SCE_IRQHandler     0x080005b5        Code  Wk  startup_stm32f4xx.o [1]
CAN1_TX_IRQHandler      0x080005a9        Code  Wk  startup_stm32f4xx.o [1]
CAN2_RX0_IRQHandler     0x0800065d        Code  Wk  startup_stm32f4xx.o [1]
CAN2_RX1_IRQHandler     0x08000661        Code  Wk  startup_stm32f4xx.o [1]
CAN2_SCE_IRQHandler     0x08000665        Code  Wk  startup_stm32f4xx.o [1]
CAN2_TX_IRQHandler      0x08000659        Code  Wk  startup_stm32f4xx.o [1]
CRYP_IRQHandler         0x08000699        Code  Wk  startup_stm32f4xx.o [1]
CSTACK$$Base            0x20000020         --   Gb  - Linker created -
CSTACK$$Limit           0x20000420         --   Gb  - Linker created -
DCMI_IRQHandler         0x08000695        Code  Wk  startup_stm32f4xx.o [1]
DMA1_Stream0_IRQHandler
                        0x08000589        Code  Wk  startup_stm32f4xx.o [1]
DMA1_Stream1_IRQHandler
                        0x0800058d        Code  Wk  startup_stm32f4xx.o [1]
DMA1_Stream2_IRQHandler
                        0x08000591        Code  Wk  startup_stm32f4xx.o [1]
DMA1_Stream3_IRQHandler
                        0x08000595        Code  Wk  startup_stm32f4xx.o [1]
DMA1_Stream4_IRQHandler
                        0x08000599        Code  Wk  startup_stm32f4xx.o [1]
DMA1_Stream5_IRQHandler
                        0x0800059d        Code  Wk  startup_stm32f4xx.o [1]
DMA1_Stream6_IRQHandler
                        0x080005a1        Code  Wk  startup_stm32f4xx.o [1]
DMA1_Stream7_IRQHandler
                        0x08000619        Code  Wk  startup_stm32f4xx.o [1]
DMA2_Stream0_IRQHandler
                        0x0800063d        Code  Wk  startup_stm32f4xx.o [1]
DMA2_Stream1_IRQHandler
                        0x08000641        Code  Wk  startup_stm32f4xx.o [1]
DMA2_Stream2_IRQHandler
                        0x08000645        Code  Wk  startup_stm32f4xx.o [1]
DMA2_Stream3_IRQHandler
                        0x08000649        Code  Wk  startup_stm32f4xx.o [1]
DMA2_Stream4_IRQHandler
                        0x0800064d        Code  Wk  startup_stm32f4xx.o [1]
DMA2_Stream5_IRQHandler
                        0x0800066d        Code  Wk  startup_stm32f4xx.o [1]
DMA2_Stream6_IRQHandler
                        0x08000671        Code  Wk  startup_stm32f4xx.o [1]
DMA2_Stream7_IRQHandler
                        0x08000675        Code  Wk  startup_stm32f4xx.o [1]
DebugMon_Handler        0x08000515   0x2  Code  Gb  stm32f4xx_it.o [1]
ETH_IRQHandler          0x08000651        Code  Wk  startup_stm32f4xx.o [1]
ETH_WKUP_IRQHandler     0x08000655        Code  Wk  startup_stm32f4xx.o [1]
EXTI0_IRQHandler        0x08000575        Code  Wk  startup_stm32f4xx.o [1]
EXTI15_10_IRQHandler    0x080005fd        Code  Wk  startup_stm32f4xx.o [1]
EXTI1_IRQHandler        0x08000579        Code  Wk  startup_stm32f4xx.o [1]
EXTI2_IRQHandler        0x0800057d        Code  Wk  startup_stm32f4xx.o [1]
EXTI3_IRQHandler        0x08000581        Code  Wk  startup_stm32f4xx.o [1]
EXTI4_IRQHandler        0x08000585        Code  Wk  startup_stm32f4xx.o [1]
EXTI9_5_IRQHandler      0x080005b9        Code  Wk  startup_stm32f4xx.o [1]
FLASH_IRQHandler        0x0800056d        Code  Wk  startup_stm32f4xx.o [1]
FPU_IRQHandler          0x080006a1        Code  Wk  startup_stm32f4xx.o [1]
FSMC_IRQHandler         0x0800061d        Code  Wk  startup_stm32f4xx.o [1]
GPIO_Init               0x080003a5  0x70  Code  Gb  stm32f4xx_gpio.o [1]
GPIO_ReadInputDataBit   0x08000415   0xe  Code  Gb  stm32f4xx_gpio.o [1]
GPIO_ResetBits          0x08000427   0x4  Code  Gb  stm32f4xx_gpio.o [1]
GPIO_SetBits            0x08000423   0x4  Code  Gb  stm32f4xx_gpio.o [1]
HASH_RNG_IRQHandler     0x0800069d        Code  Wk  startup_stm32f4xx.o [1]
HardFault_Handler       0x0800050b   0x2  Code  Gb  stm32f4xx_it.o [1]
I2C1_ER_IRQHandler      0x080005dd        Code  Wk  startup_stm32f4xx.o [1]
I2C1_EV_IRQHandler      0x080005d9        Code  Wk  startup_stm32f4xx.o [1]
I2C2_ER_IRQHandler      0x080005e5        Code  Wk  startup_stm32f4xx.o [1]
I2C2_EV_IRQHandler      0x080005e1        Code  Wk  startup_stm32f4xx.o [1]
I2C3_ER_IRQHandler      0x08000681        Code  Wk  startup_stm32f4xx.o [1]
I2C3_EV_IRQHandler      0x0800067d        Code  Wk  startup_stm32f4xx.o [1]
Init                    0x08000281  0x3c  Code  Gb  main.o [1]
MemManage_Handler       0x0800050d   0x2  Code  Gb  stm32f4xx_it.o [1]
NMI_Handler             0x08000509   0x2  Code  Gb  stm32f4xx_it.o [1]
OTG_FS_IRQHandler       0x08000669        Code  Wk  startup_stm32f4xx.o [1]
OTG_FS_WKUP_IRQHandler  0x08000605        Code  Wk  startup_stm32f4xx.o [1]
OTG_HS_EP1_IN_IRQHandler
                        0x08000689        Code  Wk  startup_stm32f4xx.o [1]
OTG_HS_EP1_OUT_IRQHandler
                        0x08000685        Code  Wk  startup_stm32f4xx.o [1]
OTG_HS_IRQHandler       0x08000691        Code  Wk  startup_stm32f4xx.o [1]
OTG_HS_WKUP_IRQHandler  0x0800068d        Code  Wk  startup_stm32f4xx.o [1]
PVD_IRQHandler          0x08000561        Code  Wk  startup_stm32f4xx.o [1]
PendSV_Handler          0x08000517   0x2  Code  Gb  stm32f4xx_it.o [1]
RCC_AHB1PeriphClockCmd  0x0800038d  0x12  Code  Gb  stm32f4xx_rcc.o [1]
RCC_IRQHandler          0x08000571        Code  Wk  startup_stm32f4xx.o [1]
RTC_Alarm_IRQHandler    0x08000601        Code  Wk  startup_stm32f4xx.o [1]
RTC_WKUP_IRQHandler     0x08000569        Code  Wk  startup_stm32f4xx.o [1]
Read_Distance           0x080002bd  0x4c  Code  Gb  main.o [1]
Region$$Table$$Base     0x080004a4         --   Gb  - Linker created -
Region$$Table$$Limit    0x080004c8         --   Gb  - Linker created -
Reset_Handler           0x0800051d        Code  Wk  startup_stm32f4xx.o [1]
SDIO_IRQHandler         0x08000621        Code  Wk  startup_stm32f4xx.o [1]
SPI1_IRQHandler         0x080005e9        Code  Wk  startup_stm32f4xx.o [1]
SPI2_IRQHandler         0x080005ed        Code  Wk  startup_stm32f4xx.o [1]
SPI3_IRQHandler         0x08000629        Code  Wk  startup_stm32f4xx.o [1]
SVC_Handler             0x08000513   0x2  Code  Gb  stm32f4xx_it.o [1]
SysTick_Handler         0x08000519   0x4  Code  Gb  stm32f4xx_it.o [1]
SysTick_Init            0x08000311  0x2a  Code  Gb  delay.o [1]
SystemCoreClock         0x20000010   0x4  Data  Gb  system_stm32f4xx.o [1]
SystemInit              0x08000189  0xc4  Code  Gb  system_stm32f4xx.o [1]
TAMP_STAMP_IRQHandler   0x08000565        Code  Wk  startup_stm32f4xx.o [1]
TIM1_BRK_TIM9_IRQHandler
                        0x080005bd        Code  Wk  startup_stm32f4xx.o [1]
TIM1_CC_IRQHandler      0x080005c9        Code  Wk  startup_stm32f4xx.o [1]
TIM1_TRG_COM_TIM11_IRQHandler
                        0x080005c5        Code  Wk  startup_stm32f4xx.o [1]
TIM1_UP_TIM10_IRQHandler
                        0x080005c1        Code  Wk  startup_stm32f4xx.o [1]
TIM2_IRQHandler         0x080005cd        Code  Wk  startup_stm32f4xx.o [1]
TIM3_IRQHandler         0x080005d1        Code  Wk  startup_stm32f4xx.o [1]
TIM4_IRQHandler         0x080005d5        Code  Wk  startup_stm32f4xx.o [1]
TIM5_IRQHandler         0x08000625        Code  Wk  startup_stm32f4xx.o [1]
TIM6_DAC_IRQHandler     0x08000635        Code  Wk  startup_stm32f4xx.o [1]
TIM7_IRQHandler         0x08000639        Code  Wk  startup_stm32f4xx.o [1]
TIM8_BRK_TIM12_IRQHandler
                        0x08000609        Code  Wk  startup_stm32f4xx.o [1]
TIM8_CC_IRQHandler      0x08000615        Code  Wk  startup_stm32f4xx.o [1]
TIM8_TRG_COM_TIM14_IRQHandler
                        0x08000611        Code  Wk  startup_stm32f4xx.o [1]
TIM8_UP_TIM13_IRQHandler
                        0x0800060d        Code  Wk  startup_stm32f4xx.o [1]
TimeTick_Decrement      0x0800033b   0xe  Code  Gb  delay.o [1]
UART4_IRQHandler        0x0800062d        Code  Wk  startup_stm32f4xx.o [1]
UART5_IRQHandler        0x08000631        Code  Wk  startup_stm32f4xx.o [1]
USART1_IRQHandler       0x080005f1        Code  Wk  startup_stm32f4xx.o [1]
USART2_IRQHandler       0x080005f5        Code  Wk  startup_stm32f4xx.o [1]
USART3_IRQHandler       0x080005f9        Code  Wk  startup_stm32f4xx.o [1]
USART6_IRQHandler       0x08000679        Code  Wk  startup_stm32f4xx.o [1]
UsageFault_Handler      0x08000511   0x2  Code  Gb  stm32f4xx_it.o [1]
WWDG_IRQHandler         0x0800055d        Code  Wk  startup_stm32f4xx.o [1]
__cmain                 0x080004c9        Code  Gb  cmain.o [4]
__exit                  0x080004f5  0x14  Code  Gb  exit.o [5]
__iar_copy_init3        0x0800042b  0x2e  Code  Gb  copy_init3.o [4]
__iar_data_init3        0x08000459  0x28  Code  Gb  data_init3.o [4]
__iar_program_start     0x0800052d        Code  Gb  cstartup_M.o [4]
__iar_zero_init3        0x08000481  0x22  Code  Gb  zero_init3.o [4]
__low_level_init        0x080004df   0x4  Code  Gb  low_level_init.o [3]
__vector_table          0x08000000        Data  Gb  startup_stm32f4xx.o [1]
_call_main              0x080004d5        Code  Gb  cmain.o [4]
_exit                   0x080004e9        Code  Gb  cexit.o [4]
_main                   0x080004db        Code  Gb  cmain.o [4]
delay_1ms               0x08000355  0x10  Code  Gb  delay.o [1]
delay_nms               0x08000379  0x14  Code  Gb  delay.o [1]
delay_nus               0x08000349   0xc  Code  Gb  delay.o [1]
distance                0x20000018   0x4  Data  Gb  main.o [1]
exit                    0x080004e3   0x4  Code  Gb  exit.o [3]
main                    0x08000269  0x18  Code  Gb  main.o [1]
sysTickCounter          0x20000014   0x4  Data  Gb  delay.o [1]


[1] = D:\Education\logiciel\stm32\aplication\STM32F4-Discovery_FW_V1.1.0\Project\Peripheral_Examples\AAAA TP1 ULTRA SON\EWARM\IO_Toggle\Obj
[2] = command line
[3] = dl7M_tln.a
[4] = rt7M_tl.a
[5] = shb_l.a

  1 662 bytes of readonly  code memory
     58 bytes of readonly  data memory
  1 052 bytes of readwrite data memory

Errors: none
Warnings: none
